{
  "user_id": "user_1",
  "recommendations": [],
  "model_version": "v1",
  "inference_time_ms": 0.0
}
